// Bun Snapshot v1, https://goo.gl/fbAQLP

exports[`Account AccountTest Artifacts Generates TEAL 1`] = `
"#pragma version 10
intcblock 1 32 123

// https://github.com/algorandfoundation/TEALScript

// This contract is compliant with and/or implements the following ARCs: [ ARC4 ]

// The following ten lines of TEAL handle initial program flow
// This pattern is used to make it easy for anyone to parse the start of the program and determine if a specific action is allowed
// Here, action refers to the OnComplete in combination with whether the app is being created or called
// Every possible action for this contract is represented in the switch statement
// If the action is not implemented in the contract, its respective branch will be "*NOT_IMPLEMENTED" which just contains "err"
txn ApplicationID
!
pushint 6
*
txn OnCompletion
+
switch *call_NoOp *NOT_IMPLEMENTED *NOT_IMPLEMENTED *NOT_IMPLEMENTED *NOT_IMPLEMENTED *NOT_IMPLEMENTED *create_NoOp *NOT_IMPLEMENTED *NOT_IMPLEMENTED *NOT_IMPLEMENTED *NOT_IMPLEMENTED *NOT_IMPLEMENTED

*NOT_IMPLEMENTED:
	// The requested action is not implemented in this contract. Are you using the correct OnComplete? Did you set your app ID?
	err

// hasAsset(address)void
*abi_route_hasAsset:
	// a: address
	txna ApplicationArgs 1
	dup
	len
	intc 1 // 32
	==

	// argument 0 (a) for hasAsset must be a address
	assert

	// execute hasAsset(address)void
	callsub hasAsset
	intc 0 // 1
	return

// hasAsset(a: Address): void
hasAsset:
	proto 1 0

	// tests/contracts/account.algo.ts:6
	// assert(a.isOptedInToAsset(AssetID.fromUint64(123)))
	frame_dig -1 // a: Address
	intc 2 // 123
	asset_holding_get AssetBalance
	swap
	pop
	assert
	retsub

// assetBalance(address)void
*abi_route_assetBalance:
	// a: address
	txna ApplicationArgs 1
	dup
	len
	intc 1 // 32
	==

	// argument 0 (a) for assetBalance must be a address
	assert

	// execute assetBalance(address)void
	callsub assetBalance
	intc 0 // 1
	return

// assetBalance(a: Address): void
assetBalance:
	proto 1 0

	// tests/contracts/account.algo.ts:10
	// assert(a.assetBalance(AssetID.fromUint64(123)))
	frame_dig -1 // a: Address
	intc 2 // 123
	asset_holding_get AssetBalance
	pop
	assert
	retsub

// assetFrozen(address)void
*abi_route_assetFrozen:
	// a: address
	txna ApplicationArgs 1
	dup
	len
	intc 1 // 32
	==

	// argument 0 (a) for assetFrozen must be a address
	assert

	// execute assetFrozen(address)void
	callsub assetFrozen
	intc 0 // 1
	return

// assetFrozen(a: Address): void
assetFrozen:
	proto 1 0

	// tests/contracts/account.algo.ts:14
	// assert(a.assetFrozen(AssetID.fromUint64(123)))
	frame_dig -1 // a: Address
	intc 2 // 123
	asset_holding_get AssetFrozen
	pop
	assert
	retsub

// hasBalance(address)void
*abi_route_hasBalance:
	// a: address
	txna ApplicationArgs 1
	dup
	len
	intc 1 // 32
	==

	// argument 0 (a) for hasBalance must be a address
	assert

	// execute hasBalance(address)void
	callsub hasBalance
	intc 0 // 1
	return

// hasBalance(a: Address): void
hasBalance:
	proto 1 0

	// tests/contracts/account.algo.ts:18
	// assert(a.isInLedger)
	frame_dig -1 // a: Address
	acct_params_get AcctBalance
	swap
	pop
	assert
	retsub

// balance(address)void
*abi_route_balance:
	// a: address
	txna ApplicationArgs 1
	dup
	len
	intc 1 // 32
	==

	// argument 0 (a) for balance must be a address
	assert

	// execute balance(address)void
	callsub balance
	intc 0 // 1
	return

// balance(a: Address): void
balance:
	proto 1 0

	// tests/contracts/account.algo.ts:22
	// assert(a.balance)
	frame_dig -1 // a: Address
	acct_params_get AcctBalance
	pop
	assert
	retsub

// minBalance(address)void
*abi_route_minBalance:
	// a: address
	txna ApplicationArgs 1
	dup
	len
	intc 1 // 32
	==

	// argument 0 (a) for minBalance must be a address
	assert

	// execute minBalance(address)void
	callsub minBalance
	intc 0 // 1
	return

// minBalance(a: Address): void
minBalance:
	proto 1 0

	// tests/contracts/account.algo.ts:26
	// assert(a.minBalance)
	frame_dig -1 // a: Address
	acct_params_get AcctMinBalance
	pop
	assert
	retsub

// authAddr(address)void
*abi_route_authAddr:
	// a: address
	txna ApplicationArgs 1
	dup
	len
	intc 1 // 32
	==

	// argument 0 (a) for authAddr must be a address
	assert

	// execute authAddr(address)void
	callsub authAddr
	intc 0 // 1
	return

// authAddr(a: Address): void
authAddr:
	proto 1 0

	// tests/contracts/account.algo.ts:30
	// log(a.authAddr)
	frame_dig -1 // a: Address
	acct_params_get AcctAuthAddr
	pop
	log
	retsub

// totalNumUint(address)void
*abi_route_totalNumUint:
	// a: address
	txna ApplicationArgs 1
	dup
	len
	intc 1 // 32
	==

	// argument 0 (a) for totalNumUint must be a address
	assert

	// execute totalNumUint(address)void
	callsub totalNumUint
	intc 0 // 1
	return

// totalNumUint(a: Address): void
totalNumUint:
	proto 1 0

	// tests/contracts/account.algo.ts:34
	// assert(a.totalNumUint)
	frame_dig -1 // a: Address
	acct_params_get AcctTotalNumUint
	pop
	assert
	retsub

// totalNumByteSlice(address)void
*abi_route_totalNumByteSlice:
	// a: address
	txna ApplicationArgs 1
	dup
	len
	intc 1 // 32
	==

	// argument 0 (a) for totalNumByteSlice must be a address
	assert

	// execute totalNumByteSlice(address)void
	callsub totalNumByteSlice
	intc 0 // 1
	return

// totalNumByteSlice(a: Address): void
totalNumByteSlice:
	proto 1 0

	// tests/contracts/account.algo.ts:38
	// assert(a.totalNumByteSlice)
	frame_dig -1 // a: Address
	acct_params_get AcctTotalNumByteSlice
	pop
	assert
	retsub

// totalExtraAppPages(address)void
*abi_route_totalExtraAppPages:
	// a: address
	txna ApplicationArgs 1
	dup
	len
	intc 1 // 32
	==

	// argument 0 (a) for totalExtraAppPages must be a address
	assert

	// execute totalExtraAppPages(address)void
	callsub totalExtraAppPages
	intc 0 // 1
	return

// totalExtraAppPages(a: Address): void
totalExtraAppPages:
	proto 1 0

	// tests/contracts/account.algo.ts:42
	// assert(a.totalExtraAppPages)
	frame_dig -1 // a: Address
	acct_params_get AcctTotalExtraAppPages
	pop
	assert
	retsub

// totalAppsCreated(address)void
*abi_route_totalAppsCreated:
	// a: address
	txna ApplicationArgs 1
	dup
	len
	intc 1 // 32
	==

	// argument 0 (a) for totalAppsCreated must be a address
	assert

	// execute totalAppsCreated(address)void
	callsub totalAppsCreated
	intc 0 // 1
	return

// totalAppsCreated(a: Address): void
totalAppsCreated:
	proto 1 0

	// tests/contracts/account.algo.ts:46
	// assert(a.totalAppsCreated)
	frame_dig -1 // a: Address
	acct_params_get AcctTotalAppsCreated
	pop
	assert
	retsub

// totalAppsOptedIn(address)void
*abi_route_totalAppsOptedIn:
	// a: address
	txna ApplicationArgs 1
	dup
	len
	intc 1 // 32
	==

	// argument 0 (a) for totalAppsOptedIn must be a address
	assert

	// execute totalAppsOptedIn(address)void
	callsub totalAppsOptedIn
	intc 0 // 1
	return

// totalAppsOptedIn(a: Address): void
totalAppsOptedIn:
	proto 1 0

	// tests/contracts/account.algo.ts:50
	// assert(a.totalAppsOptedIn)
	frame_dig -1 // a: Address
	acct_params_get AcctTotalAppsOptedIn
	pop
	assert
	retsub

// totalAssetsCreated(address)void
*abi_route_totalAssetsCreated:
	// a: address
	txna ApplicationArgs 1
	dup
	len
	intc 1 // 32
	==

	// argument 0 (a) for totalAssetsCreated must be a address
	assert

	// execute totalAssetsCreated(address)void
	callsub totalAssetsCreated
	intc 0 // 1
	return

// totalAssetsCreated(a: Address): void
totalAssetsCreated:
	proto 1 0

	// tests/contracts/account.algo.ts:54
	// assert(a.totalAssetsCreated)
	frame_dig -1 // a: Address
	acct_params_get AcctTotalAssetsCreated
	pop
	assert
	retsub

// totalAssets(address)void
*abi_route_totalAssets:
	// a: address
	txna ApplicationArgs 1
	dup
	len
	intc 1 // 32
	==

	// argument 0 (a) for totalAssets must be a address
	assert

	// execute totalAssets(address)void
	callsub totalAssets
	intc 0 // 1
	return

// totalAssets(a: Address): void
totalAssets:
	proto 1 0

	// tests/contracts/account.algo.ts:58
	// assert(a.totalAssets)
	frame_dig -1 // a: Address
	acct_params_get AcctTotalAssets
	pop
	assert
	retsub

// totalBoxes(address)void
*abi_route_totalBoxes:
	// a: address
	txna ApplicationArgs 1
	dup
	len
	intc 1 // 32
	==

	// argument 0 (a) for totalBoxes must be a address
	assert

	// execute totalBoxes(address)void
	callsub totalBoxes
	intc 0 // 1
	return

// totalBoxes(a: Address): void
totalBoxes:
	proto 1 0

	// tests/contracts/account.algo.ts:62
	// assert(a.totalBoxes)
	frame_dig -1 // a: Address
	acct_params_get AcctTotalBoxes
	pop
	assert
	retsub

// totalBoxBytes(address)void
*abi_route_totalBoxBytes:
	// a: address
	txna ApplicationArgs 1
	dup
	len
	intc 1 // 32
	==

	// argument 0 (a) for totalBoxBytes must be a address
	assert

	// execute totalBoxBytes(address)void
	callsub totalBoxBytes
	intc 0 // 1
	return

// totalBoxBytes(a: Address): void
totalBoxBytes:
	proto 1 0

	// tests/contracts/account.algo.ts:66
	// assert(a.totalBoxBytes)
	frame_dig -1 // a: Address
	acct_params_get AcctTotalBoxBytes
	pop
	assert
	retsub

*abi_route_createApplication:
	intc 0 // 1
	return

*create_NoOp:
	pushbytes 0xb8447b36 // method "createApplication()void"
	txna ApplicationArgs 0
	match *abi_route_createApplication

	// this contract does not implement the given ABI method for create NoOp
	err

*call_NoOp:
	pushbytes 0xaa38ae91 // method "hasAsset(address)void"
	pushbytes 0x64cb0661 // method "assetBalance(address)void"
	pushbytes 0x68d18ddb // method "assetFrozen(address)void"
	pushbytes 0x2abf1ede // method "hasBalance(address)void"
	pushbytes 0x899e479d // method "balance(address)void"
	pushbytes 0x258a0fca // method "minBalance(address)void"
	pushbytes 0xbecc2183 // method "authAddr(address)void"
	pushbytes 0xfb81e109 // method "totalNumUint(address)void"
	pushbytes 0x44d215e1 // method "totalNumByteSlice(address)void"
	pushbytes 0x4b3bfef3 // method "totalExtraAppPages(address)void"
	pushbytes 0x091ad2aa // method "totalAppsCreated(address)void"
	pushbytes 0xb9bf3f95 // method "totalAppsOptedIn(address)void"
	pushbytes 0x4f8d2d2c // method "totalAssetsCreated(address)void"
	pushbytes 0x13d4a37d // method "totalAssets(address)void"
	pushbytes 0xfc8723da // method "totalBoxes(address)void"
	pushbytes 0xc4cc5e95 // method "totalBoxBytes(address)void"
	txna ApplicationArgs 0
	match *abi_route_hasAsset *abi_route_assetBalance *abi_route_assetFrozen *abi_route_hasBalance *abi_route_balance *abi_route_minBalance *abi_route_authAddr *abi_route_totalNumUint *abi_route_totalNumByteSlice *abi_route_totalExtraAppPages *abi_route_totalAppsCreated *abi_route_totalAppsOptedIn *abi_route_totalAssetsCreated *abi_route_totalAssets *abi_route_totalBoxes *abi_route_totalBoxBytes

	// this contract does not implement the given ABI method for call NoOp
	err"
`;

exports[`Account AccountTest Artifacts Maintains program size 1`] = `565`;

exports[`Account AccountTest Artifacts Generates ABI JSON 1`] = `
{
  "desc": "",
  "events": undefined,
  "methods": [
    {
      "args": [
        {
          "desc": undefined,
          "name": "a",
          "type": "address",
        },
      ],
      "desc": undefined,
      "events": undefined,
      "name": "hasAsset",
      "readonly": undefined,
      "returns": {
        "desc": undefined,
        "type": "void",
      },
    },
    {
      "args": [
        {
          "desc": undefined,
          "name": "a",
          "type": "address",
        },
      ],
      "desc": undefined,
      "events": undefined,
      "name": "assetBalance",
      "readonly": undefined,
      "returns": {
        "desc": undefined,
        "type": "void",
      },
    },
    {
      "args": [
        {
          "desc": undefined,
          "name": "a",
          "type": "address",
        },
      ],
      "desc": undefined,
      "events": undefined,
      "name": "assetFrozen",
      "readonly": undefined,
      "returns": {
        "desc": undefined,
        "type": "void",
      },
    },
    {
      "args": [
        {
          "desc": undefined,
          "name": "a",
          "type": "address",
        },
      ],
      "desc": undefined,
      "events": undefined,
      "name": "hasBalance",
      "readonly": undefined,
      "returns": {
        "desc": undefined,
        "type": "void",
      },
    },
    {
      "args": [
        {
          "desc": undefined,
          "name": "a",
          "type": "address",
        },
      ],
      "desc": undefined,
      "events": undefined,
      "name": "balance",
      "readonly": undefined,
      "returns": {
        "desc": undefined,
        "type": "void",
      },
    },
    {
      "args": [
        {
          "desc": undefined,
          "name": "a",
          "type": "address",
        },
      ],
      "desc": undefined,
      "events": undefined,
      "name": "minBalance",
      "readonly": undefined,
      "returns": {
        "desc": undefined,
        "type": "void",
      },
    },
    {
      "args": [
        {
          "desc": undefined,
          "name": "a",
          "type": "address",
        },
      ],
      "desc": undefined,
      "events": undefined,
      "name": "authAddr",
      "readonly": undefined,
      "returns": {
        "desc": undefined,
        "type": "void",
      },
    },
    {
      "args": [
        {
          "desc": undefined,
          "name": "a",
          "type": "address",
        },
      ],
      "desc": undefined,
      "events": undefined,
      "name": "totalNumUint",
      "readonly": undefined,
      "returns": {
        "desc": undefined,
        "type": "void",
      },
    },
    {
      "args": [
        {
          "desc": undefined,
          "name": "a",
          "type": "address",
        },
      ],
      "desc": undefined,
      "events": undefined,
      "name": "totalNumByteSlice",
      "readonly": undefined,
      "returns": {
        "desc": undefined,
        "type": "void",
      },
    },
    {
      "args": [
        {
          "desc": undefined,
          "name": "a",
          "type": "address",
        },
      ],
      "desc": undefined,
      "events": undefined,
      "name": "totalExtraAppPages",
      "readonly": undefined,
      "returns": {
        "desc": undefined,
        "type": "void",
      },
    },
    {
      "args": [
        {
          "desc": undefined,
          "name": "a",
          "type": "address",
        },
      ],
      "desc": undefined,
      "events": undefined,
      "name": "totalAppsCreated",
      "readonly": undefined,
      "returns": {
        "desc": undefined,
        "type": "void",
      },
    },
    {
      "args": [
        {
          "desc": undefined,
          "name": "a",
          "type": "address",
        },
      ],
      "desc": undefined,
      "events": undefined,
      "name": "totalAppsOptedIn",
      "readonly": undefined,
      "returns": {
        "desc": undefined,
        "type": "void",
      },
    },
    {
      "args": [
        {
          "desc": undefined,
          "name": "a",
          "type": "address",
        },
      ],
      "desc": undefined,
      "events": undefined,
      "name": "totalAssetsCreated",
      "readonly": undefined,
      "returns": {
        "desc": undefined,
        "type": "void",
      },
    },
    {
      "args": [
        {
          "desc": undefined,
          "name": "a",
          "type": "address",
        },
      ],
      "desc": undefined,
      "events": undefined,
      "name": "totalAssets",
      "readonly": undefined,
      "returns": {
        "desc": undefined,
        "type": "void",
      },
    },
    {
      "args": [
        {
          "desc": undefined,
          "name": "a",
          "type": "address",
        },
      ],
      "desc": undefined,
      "events": undefined,
      "name": "totalBoxes",
      "readonly": undefined,
      "returns": {
        "desc": undefined,
        "type": "void",
      },
    },
    {
      "args": [
        {
          "desc": undefined,
          "name": "a",
          "type": "address",
        },
      ],
      "desc": undefined,
      "events": undefined,
      "name": "totalBoxBytes",
      "readonly": undefined,
      "returns": {
        "desc": undefined,
        "type": "void",
      },
    },
    {
      "args": [],
      "desc": undefined,
      "events": undefined,
      "name": "createApplication",
      "readonly": undefined,
      "returns": {
        "desc": undefined,
        "type": "void",
      },
    },
  ],
  "name": "AccountTest",
}
`;

exports[`Account AccountTest Artifacts Generates ARC32 1`] = `
{
  "bare_call_config": {
    "close_out": "NEVER",
    "delete_application": "NEVER",
    "no_op": "NEVER",
    "opt_in": "NEVER",
    "update_application": "NEVER",
  },
  "contract": {
    "desc": "",
    "events": undefined,
    "methods": [
      {
        "args": [
          {
            "desc": undefined,
            "name": "a",
            "type": "address",
          },
        ],
        "desc": undefined,
        "events": undefined,
        "name": "hasAsset",
        "readonly": undefined,
        "returns": {
          "desc": undefined,
          "type": "void",
        },
      },
      {
        "args": [
          {
            "desc": undefined,
            "name": "a",
            "type": "address",
          },
        ],
        "desc": undefined,
        "events": undefined,
        "name": "assetBalance",
        "readonly": undefined,
        "returns": {
          "desc": undefined,
          "type": "void",
        },
      },
      {
        "args": [
          {
            "desc": undefined,
            "name": "a",
            "type": "address",
          },
        ],
        "desc": undefined,
        "events": undefined,
        "name": "assetFrozen",
        "readonly": undefined,
        "returns": {
          "desc": undefined,
          "type": "void",
        },
      },
      {
        "args": [
          {
            "desc": undefined,
            "name": "a",
            "type": "address",
          },
        ],
        "desc": undefined,
        "events": undefined,
        "name": "hasBalance",
        "readonly": undefined,
        "returns": {
          "desc": undefined,
          "type": "void",
        },
      },
      {
        "args": [
          {
            "desc": undefined,
            "name": "a",
            "type": "address",
          },
        ],
        "desc": undefined,
        "events": undefined,
        "name": "balance",
        "readonly": undefined,
        "returns": {
          "desc": undefined,
          "type": "void",
        },
      },
      {
        "args": [
          {
            "desc": undefined,
            "name": "a",
            "type": "address",
          },
        ],
        "desc": undefined,
        "events": undefined,
        "name": "minBalance",
        "readonly": undefined,
        "returns": {
          "desc": undefined,
          "type": "void",
        },
      },
      {
        "args": [
          {
            "desc": undefined,
            "name": "a",
            "type": "address",
          },
        ],
        "desc": undefined,
        "events": undefined,
        "name": "authAddr",
        "readonly": undefined,
        "returns": {
          "desc": undefined,
          "type": "void",
        },
      },
      {
        "args": [
          {
            "desc": undefined,
            "name": "a",
            "type": "address",
          },
        ],
        "desc": undefined,
        "events": undefined,
        "name": "totalNumUint",
        "readonly": undefined,
        "returns": {
          "desc": undefined,
          "type": "void",
        },
      },
      {
        "args": [
          {
            "desc": undefined,
            "name": "a",
            "type": "address",
          },
        ],
        "desc": undefined,
        "events": undefined,
        "name": "totalNumByteSlice",
        "readonly": undefined,
        "returns": {
          "desc": undefined,
          "type": "void",
        },
      },
      {
        "args": [
          {
            "desc": undefined,
            "name": "a",
            "type": "address",
          },
        ],
        "desc": undefined,
        "events": undefined,
        "name": "totalExtraAppPages",
        "readonly": undefined,
        "returns": {
          "desc": undefined,
          "type": "void",
        },
      },
      {
        "args": [
          {
            "desc": undefined,
            "name": "a",
            "type": "address",
          },
        ],
        "desc": undefined,
        "events": undefined,
        "name": "totalAppsCreated",
        "readonly": undefined,
        "returns": {
          "desc": undefined,
          "type": "void",
        },
      },
      {
        "args": [
          {
            "desc": undefined,
            "name": "a",
            "type": "address",
          },
        ],
        "desc": undefined,
        "events": undefined,
        "name": "totalAppsOptedIn",
        "readonly": undefined,
        "returns": {
          "desc": undefined,
          "type": "void",
        },
      },
      {
        "args": [
          {
            "desc": undefined,
            "name": "a",
            "type": "address",
          },
        ],
        "desc": undefined,
        "events": undefined,
        "name": "totalAssetsCreated",
        "readonly": undefined,
        "returns": {
          "desc": undefined,
          "type": "void",
        },
      },
      {
        "args": [
          {
            "desc": undefined,
            "name": "a",
            "type": "address",
          },
        ],
        "desc": undefined,
        "events": undefined,
        "name": "totalAssets",
        "readonly": undefined,
        "returns": {
          "desc": undefined,
          "type": "void",
        },
      },
      {
        "args": [
          {
            "desc": undefined,
            "name": "a",
            "type": "address",
          },
        ],
        "desc": undefined,
        "events": undefined,
        "name": "totalBoxes",
        "readonly": undefined,
        "returns": {
          "desc": undefined,
          "type": "void",
        },
      },
      {
        "args": [
          {
            "desc": undefined,
            "name": "a",
            "type": "address",
          },
        ],
        "desc": undefined,
        "events": undefined,
        "name": "totalBoxBytes",
        "readonly": undefined,
        "returns": {
          "desc": undefined,
          "type": "void",
        },
      },
      {
        "args": [],
        "desc": undefined,
        "events": undefined,
        "name": "createApplication",
        "readonly": undefined,
        "returns": {
          "desc": undefined,
          "type": "void",
        },
      },
    ],
    "name": "AccountTest",
  },
  "hints": {
    "assetBalance(address)void": {
      "call_config": {
        "no_op": "CALL",
      },
    },
    "assetFrozen(address)void": {
      "call_config": {
        "no_op": "CALL",
      },
    },
    "authAddr(address)void": {
      "call_config": {
        "no_op": "CALL",
      },
    },
    "balance(address)void": {
      "call_config": {
        "no_op": "CALL",
      },
    },
    "createApplication()void": {
      "call_config": {
        "no_op": "CREATE",
      },
    },
    "hasAsset(address)void": {
      "call_config": {
        "no_op": "CALL",
      },
    },
    "hasBalance(address)void": {
      "call_config": {
        "no_op": "CALL",
      },
    },
    "minBalance(address)void": {
      "call_config": {
        "no_op": "CALL",
      },
    },
    "totalAppsCreated(address)void": {
      "call_config": {
        "no_op": "CALL",
      },
    },
    "totalAppsOptedIn(address)void": {
      "call_config": {
        "no_op": "CALL",
      },
    },
    "totalAssets(address)void": {
      "call_config": {
        "no_op": "CALL",
      },
    },
    "totalAssetsCreated(address)void": {
      "call_config": {
        "no_op": "CALL",
      },
    },
    "totalBoxBytes(address)void": {
      "call_config": {
        "no_op": "CALL",
      },
    },
    "totalBoxes(address)void": {
      "call_config": {
        "no_op": "CALL",
      },
    },
    "totalExtraAppPages(address)void": {
      "call_config": {
        "no_op": "CALL",
      },
    },
    "totalNumByteSlice(address)void": {
      "call_config": {
        "no_op": "CALL",
      },
    },
    "totalNumUint(address)void": {
      "call_config": {
        "no_op": "CALL",
      },
    },
  },
  "schema": {
    "global": {
      "declared": {},
      "reserved": {},
    },
    "local": {
      "declared": {},
      "reserved": {},
    },
  },
  "source": {
    "approval": "I3ByYWdtYSB2ZXJzaW9uIDEwCmludGNibG9jayAxIDMyIDEyMwoKLy8gaHR0cHM6Ly9naXRodWIuY29tL2FsZ29yYW5kZm91bmRhdGlvbi9URUFMU2NyaXB0CgovLyBUaGlzIGNvbnRyYWN0IGlzIGNvbXBsaWFudCB3aXRoIGFuZC9vciBpbXBsZW1lbnRzIHRoZSBmb2xsb3dpbmcgQVJDczogWyBBUkM0IF0KCi8vIFRoZSBmb2xsb3dpbmcgdGVuIGxpbmVzIG9mIFRFQUwgaGFuZGxlIGluaXRpYWwgcHJvZ3JhbSBmbG93Ci8vIFRoaXMgcGF0dGVybiBpcyB1c2VkIHRvIG1ha2UgaXQgZWFzeSBmb3IgYW55b25lIHRvIHBhcnNlIHRoZSBzdGFydCBvZiB0aGUgcHJvZ3JhbSBhbmQgZGV0ZXJtaW5lIGlmIGEgc3BlY2lmaWMgYWN0aW9uIGlzIGFsbG93ZWQKLy8gSGVyZSwgYWN0aW9uIHJlZmVycyB0byB0aGUgT25Db21wbGV0ZSBpbiBjb21iaW5hdGlvbiB3aXRoIHdoZXRoZXIgdGhlIGFwcCBpcyBiZWluZyBjcmVhdGVkIG9yIGNhbGxlZAovLyBFdmVyeSBwb3NzaWJsZSBhY3Rpb24gZm9yIHRoaXMgY29udHJhY3QgaXMgcmVwcmVzZW50ZWQgaW4gdGhlIHN3aXRjaCBzdGF0ZW1lbnQKLy8gSWYgdGhlIGFjdGlvbiBpcyBub3QgaW1wbGVtZW50ZWQgaW4gdGhlIGNvbnRyYWN0LCBpdHMgcmVzcGVjdGl2ZSBicmFuY2ggd2lsbCBiZSAiKk5PVF9JTVBMRU1FTlRFRCIgd2hpY2gganVzdCBjb250YWlucyAiZXJyIgp0eG4gQXBwbGljYXRpb25JRAohCnB1c2hpbnQgNgoqCnR4biBPbkNvbXBsZXRpb24KKwpzd2l0Y2ggKmNhbGxfTm9PcCAqTk9UX0lNUExFTUVOVEVEICpOT1RfSU1QTEVNRU5URUQgKk5PVF9JTVBMRU1FTlRFRCAqTk9UX0lNUExFTUVOVEVEICpOT1RfSU1QTEVNRU5URUQgKmNyZWF0ZV9Ob09wICpOT1RfSU1QTEVNRU5URUQgKk5PVF9JTVBMRU1FTlRFRCAqTk9UX0lNUExFTUVOVEVEICpOT1RfSU1QTEVNRU5URUQgKk5PVF9JTVBMRU1FTlRFRAoKKk5PVF9JTVBMRU1FTlRFRDoKCS8vIFRoZSByZXF1ZXN0ZWQgYWN0aW9uIGlzIG5vdCBpbXBsZW1lbnRlZCBpbiB0aGlzIGNvbnRyYWN0LiBBcmUgeW91IHVzaW5nIHRoZSBjb3JyZWN0IE9uQ29tcGxldGU/IERpZCB5b3Ugc2V0IHlvdXIgYXBwIElEPwoJZXJyCgovLyBoYXNBc3NldChhZGRyZXNzKXZvaWQKKmFiaV9yb3V0ZV9oYXNBc3NldDoKCS8vIGE6IGFkZHJlc3MKCXR4bmEgQXBwbGljYXRpb25BcmdzIDEKCWR1cAoJbGVuCglpbnRjIDEgLy8gMzIKCT09CgoJLy8gYXJndW1lbnQgMCAoYSkgZm9yIGhhc0Fzc2V0IG11c3QgYmUgYSBhZGRyZXNzCglhc3NlcnQKCgkvLyBleGVjdXRlIGhhc0Fzc2V0KGFkZHJlc3Mpdm9pZAoJY2FsbHN1YiBoYXNBc3NldAoJaW50YyAwIC8vIDEKCXJldHVybgoKLy8gaGFzQXNzZXQoYTogQWRkcmVzcyk6IHZvaWQKaGFzQXNzZXQ6Cglwcm90byAxIDAKCgkvLyB0ZXN0cy9jb250cmFjdHMvYWNjb3VudC5hbGdvLnRzOjYKCS8vIGFzc2VydChhLmlzT3B0ZWRJblRvQXNzZXQoQXNzZXRJRC5mcm9tVWludDY0KDEyMykpKQoJZnJhbWVfZGlnIC0xIC8vIGE6IEFkZHJlc3MKCWludGMgMiAvLyAxMjMKCWFzc2V0X2hvbGRpbmdfZ2V0IEFzc2V0QmFsYW5jZQoJc3dhcAoJcG9wCglhc3NlcnQKCXJldHN1YgoKLy8gYXNzZXRCYWxhbmNlKGFkZHJlc3Mpdm9pZAoqYWJpX3JvdXRlX2Fzc2V0QmFsYW5jZToKCS8vIGE6IGFkZHJlc3MKCXR4bmEgQXBwbGljYXRpb25BcmdzIDEKCWR1cAoJbGVuCglpbnRjIDEgLy8gMzIKCT09CgoJLy8gYXJndW1lbnQgMCAoYSkgZm9yIGFzc2V0QmFsYW5jZSBtdXN0IGJlIGEgYWRkcmVzcwoJYXNzZXJ0CgoJLy8gZXhlY3V0ZSBhc3NldEJhbGFuY2UoYWRkcmVzcyl2b2lkCgljYWxsc3ViIGFzc2V0QmFsYW5jZQoJaW50YyAwIC8vIDEKCXJldHVybgoKLy8gYXNzZXRCYWxhbmNlKGE6IEFkZHJlc3MpOiB2b2lkCmFzc2V0QmFsYW5jZToKCXByb3RvIDEgMAoKCS8vIHRlc3RzL2NvbnRyYWN0cy9hY2NvdW50LmFsZ28udHM6MTAKCS8vIGFzc2VydChhLmFzc2V0QmFsYW5jZShBc3NldElELmZyb21VaW50NjQoMTIzKSkpCglmcmFtZV9kaWcgLTEgLy8gYTogQWRkcmVzcwoJaW50YyAyIC8vIDEyMwoJYXNzZXRfaG9sZGluZ19nZXQgQXNzZXRCYWxhbmNlCglwb3AKCWFzc2VydAoJcmV0c3ViCgovLyBhc3NldEZyb3plbihhZGRyZXNzKXZvaWQKKmFiaV9yb3V0ZV9hc3NldEZyb3plbjoKCS8vIGE6IGFkZHJlc3MKCXR4bmEgQXBwbGljYXRpb25BcmdzIDEKCWR1cAoJbGVuCglpbnRjIDEgLy8gMzIKCT09CgoJLy8gYXJndW1lbnQgMCAoYSkgZm9yIGFzc2V0RnJvemVuIG11c3QgYmUgYSBhZGRyZXNzCglhc3NlcnQKCgkvLyBleGVjdXRlIGFzc2V0RnJvemVuKGFkZHJlc3Mpdm9pZAoJY2FsbHN1YiBhc3NldEZyb3plbgoJaW50YyAwIC8vIDEKCXJldHVybgoKLy8gYXNzZXRGcm96ZW4oYTogQWRkcmVzcyk6IHZvaWQKYXNzZXRGcm96ZW46Cglwcm90byAxIDAKCgkvLyB0ZXN0cy9jb250cmFjdHMvYWNjb3VudC5hbGdvLnRzOjE0CgkvLyBhc3NlcnQoYS5hc3NldEZyb3plbihBc3NldElELmZyb21VaW50NjQoMTIzKSkpCglmcmFtZV9kaWcgLTEgLy8gYTogQWRkcmVzcwoJaW50YyAyIC8vIDEyMwoJYXNzZXRfaG9sZGluZ19nZXQgQXNzZXRGcm96ZW4KCXBvcAoJYXNzZXJ0CglyZXRzdWIKCi8vIGhhc0JhbGFuY2UoYWRkcmVzcyl2b2lkCiphYmlfcm91dGVfaGFzQmFsYW5jZToKCS8vIGE6IGFkZHJlc3MKCXR4bmEgQXBwbGljYXRpb25BcmdzIDEKCWR1cAoJbGVuCglpbnRjIDEgLy8gMzIKCT09CgoJLy8gYXJndW1lbnQgMCAoYSkgZm9yIGhhc0JhbGFuY2UgbXVzdCBiZSBhIGFkZHJlc3MKCWFzc2VydAoKCS8vIGV4ZWN1dGUgaGFzQmFsYW5jZShhZGRyZXNzKXZvaWQKCWNhbGxzdWIgaGFzQmFsYW5jZQoJaW50YyAwIC8vIDEKCXJldHVybgoKLy8gaGFzQmFsYW5jZShhOiBBZGRyZXNzKTogdm9pZApoYXNCYWxhbmNlOgoJcHJvdG8gMSAwCgoJLy8gdGVzdHMvY29udHJhY3RzL2FjY291bnQuYWxnby50czoxOAoJLy8gYXNzZXJ0KGEuaXNJbkxlZGdlcikKCWZyYW1lX2RpZyAtMSAvLyBhOiBBZGRyZXNzCglhY2N0X3BhcmFtc19nZXQgQWNjdEJhbGFuY2UKCXN3YXAKCXBvcAoJYXNzZXJ0CglyZXRzdWIKCi8vIGJhbGFuY2UoYWRkcmVzcyl2b2lkCiphYmlfcm91dGVfYmFsYW5jZToKCS8vIGE6IGFkZHJlc3MKCXR4bmEgQXBwbGljYXRpb25BcmdzIDEKCWR1cAoJbGVuCglpbnRjIDEgLy8gMzIKCT09CgoJLy8gYXJndW1lbnQgMCAoYSkgZm9yIGJhbGFuY2UgbXVzdCBiZSBhIGFkZHJlc3MKCWFzc2VydAoKCS8vIGV4ZWN1dGUgYmFsYW5jZShhZGRyZXNzKXZvaWQKCWNhbGxzdWIgYmFsYW5jZQoJaW50YyAwIC8vIDEKCXJldHVybgoKLy8gYmFsYW5jZShhOiBBZGRyZXNzKTogdm9pZApiYWxhbmNlOgoJcHJvdG8gMSAwCgoJLy8gdGVzdHMvY29udHJhY3RzL2FjY291bnQuYWxnby50czoyMgoJLy8gYXNzZXJ0KGEuYmFsYW5jZSkKCWZyYW1lX2RpZyAtMSAvLyBhOiBBZGRyZXNzCglhY2N0X3BhcmFtc19nZXQgQWNjdEJhbGFuY2UKCXBvcAoJYXNzZXJ0CglyZXRzdWIKCi8vIG1pbkJhbGFuY2UoYWRkcmVzcyl2b2lkCiphYmlfcm91dGVfbWluQmFsYW5jZToKCS8vIGE6IGFkZHJlc3MKCXR4bmEgQXBwbGljYXRpb25BcmdzIDEKCWR1cAoJbGVuCglpbnRjIDEgLy8gMzIKCT09CgoJLy8gYXJndW1lbnQgMCAoYSkgZm9yIG1pbkJhbGFuY2UgbXVzdCBiZSBhIGFkZHJlc3MKCWFzc2VydAoKCS8vIGV4ZWN1dGUgbWluQmFsYW5jZShhZGRyZXNzKXZvaWQKCWNhbGxzdWIgbWluQmFsYW5jZQoJaW50YyAwIC8vIDEKCXJldHVybgoKLy8gbWluQmFsYW5jZShhOiBBZGRyZXNzKTogdm9pZAptaW5CYWxhbmNlOgoJcHJvdG8gMSAwCgoJLy8gdGVzdHMvY29udHJhY3RzL2FjY291bnQuYWxnby50czoyNgoJLy8gYXNzZXJ0KGEubWluQmFsYW5jZSkKCWZyYW1lX2RpZyAtMSAvLyBhOiBBZGRyZXNzCglhY2N0X3BhcmFtc19nZXQgQWNjdE1pbkJhbGFuY2UKCXBvcAoJYXNzZXJ0CglyZXRzdWIKCi8vIGF1dGhBZGRyKGFkZHJlc3Mpdm9pZAoqYWJpX3JvdXRlX2F1dGhBZGRyOgoJLy8gYTogYWRkcmVzcwoJdHhuYSBBcHBsaWNhdGlvbkFyZ3MgMQoJZHVwCglsZW4KCWludGMgMSAvLyAzMgoJPT0KCgkvLyBhcmd1bWVudCAwIChhKSBmb3IgYXV0aEFkZHIgbXVzdCBiZSBhIGFkZHJlc3MKCWFzc2VydAoKCS8vIGV4ZWN1dGUgYXV0aEFkZHIoYWRkcmVzcyl2b2lkCgljYWxsc3ViIGF1dGhBZGRyCglpbnRjIDAgLy8gMQoJcmV0dXJuCgovLyBhdXRoQWRkcihhOiBBZGRyZXNzKTogdm9pZAphdXRoQWRkcjoKCXByb3RvIDEgMAoKCS8vIHRlc3RzL2NvbnRyYWN0cy9hY2NvdW50LmFsZ28udHM6MzAKCS8vIGxvZyhhLmF1dGhBZGRyKQoJZnJhbWVfZGlnIC0xIC8vIGE6IEFkZHJlc3MKCWFjY3RfcGFyYW1zX2dldCBBY2N0QXV0aEFkZHIKCXBvcAoJbG9nCglyZXRzdWIKCi8vIHRvdGFsTnVtVWludChhZGRyZXNzKXZvaWQKKmFiaV9yb3V0ZV90b3RhbE51bVVpbnQ6CgkvLyBhOiBhZGRyZXNzCgl0eG5hIEFwcGxpY2F0aW9uQXJncyAxCglkdXAKCWxlbgoJaW50YyAxIC8vIDMyCgk9PQoKCS8vIGFyZ3VtZW50IDAgKGEpIGZvciB0b3RhbE51bVVpbnQgbXVzdCBiZSBhIGFkZHJlc3MKCWFzc2VydAoKCS8vIGV4ZWN1dGUgdG90YWxOdW1VaW50KGFkZHJlc3Mpdm9pZAoJY2FsbHN1YiB0b3RhbE51bVVpbnQKCWludGMgMCAvLyAxCglyZXR1cm4KCi8vIHRvdGFsTnVtVWludChhOiBBZGRyZXNzKTogdm9pZAp0b3RhbE51bVVpbnQ6Cglwcm90byAxIDAKCgkvLyB0ZXN0cy9jb250cmFjdHMvYWNjb3VudC5hbGdvLnRzOjM0CgkvLyBhc3NlcnQoYS50b3RhbE51bVVpbnQpCglmcmFtZV9kaWcgLTEgLy8gYTogQWRkcmVzcwoJYWNjdF9wYXJhbXNfZ2V0IEFjY3RUb3RhbE51bVVpbnQKCXBvcAoJYXNzZXJ0CglyZXRzdWIKCi8vIHRvdGFsTnVtQnl0ZVNsaWNlKGFkZHJlc3Mpdm9pZAoqYWJpX3JvdXRlX3RvdGFsTnVtQnl0ZVNsaWNlOgoJLy8gYTogYWRkcmVzcwoJdHhuYSBBcHBsaWNhdGlvbkFyZ3MgMQoJZHVwCglsZW4KCWludGMgMSAvLyAzMgoJPT0KCgkvLyBhcmd1bWVudCAwIChhKSBmb3IgdG90YWxOdW1CeXRlU2xpY2UgbXVzdCBiZSBhIGFkZHJlc3MKCWFzc2VydAoKCS8vIGV4ZWN1dGUgdG90YWxOdW1CeXRlU2xpY2UoYWRkcmVzcyl2b2lkCgljYWxsc3ViIHRvdGFsTnVtQnl0ZVNsaWNlCglpbnRjIDAgLy8gMQoJcmV0dXJuCgovLyB0b3RhbE51bUJ5dGVTbGljZShhOiBBZGRyZXNzKTogdm9pZAp0b3RhbE51bUJ5dGVTbGljZToKCXByb3RvIDEgMAoKCS8vIHRlc3RzL2NvbnRyYWN0cy9hY2NvdW50LmFsZ28udHM6MzgKCS8vIGFzc2VydChhLnRvdGFsTnVtQnl0ZVNsaWNlKQoJZnJhbWVfZGlnIC0xIC8vIGE6IEFkZHJlc3MKCWFjY3RfcGFyYW1zX2dldCBBY2N0VG90YWxOdW1CeXRlU2xpY2UKCXBvcAoJYXNzZXJ0CglyZXRzdWIKCi8vIHRvdGFsRXh0cmFBcHBQYWdlcyhhZGRyZXNzKXZvaWQKKmFiaV9yb3V0ZV90b3RhbEV4dHJhQXBwUGFnZXM6CgkvLyBhOiBhZGRyZXNzCgl0eG5hIEFwcGxpY2F0aW9uQXJncyAxCglkdXAKCWxlbgoJaW50YyAxIC8vIDMyCgk9PQoKCS8vIGFyZ3VtZW50IDAgKGEpIGZvciB0b3RhbEV4dHJhQXBwUGFnZXMgbXVzdCBiZSBhIGFkZHJlc3MKCWFzc2VydAoKCS8vIGV4ZWN1dGUgdG90YWxFeHRyYUFwcFBhZ2VzKGFkZHJlc3Mpdm9pZAoJY2FsbHN1YiB0b3RhbEV4dHJhQXBwUGFnZXMKCWludGMgMCAvLyAxCglyZXR1cm4KCi8vIHRvdGFsRXh0cmFBcHBQYWdlcyhhOiBBZGRyZXNzKTogdm9pZAp0b3RhbEV4dHJhQXBwUGFnZXM6Cglwcm90byAxIDAKCgkvLyB0ZXN0cy9jb250cmFjdHMvYWNjb3VudC5hbGdvLnRzOjQyCgkvLyBhc3NlcnQoYS50b3RhbEV4dHJhQXBwUGFnZXMpCglmcmFtZV9kaWcgLTEgLy8gYTogQWRkcmVzcwoJYWNjdF9wYXJhbXNfZ2V0IEFjY3RUb3RhbEV4dHJhQXBwUGFnZXMKCXBvcAoJYXNzZXJ0CglyZXRzdWIKCi8vIHRvdGFsQXBwc0NyZWF0ZWQoYWRkcmVzcyl2b2lkCiphYmlfcm91dGVfdG90YWxBcHBzQ3JlYXRlZDoKCS8vIGE6IGFkZHJlc3MKCXR4bmEgQXBwbGljYXRpb25BcmdzIDEKCWR1cAoJbGVuCglpbnRjIDEgLy8gMzIKCT09CgoJLy8gYXJndW1lbnQgMCAoYSkgZm9yIHRvdGFsQXBwc0NyZWF0ZWQgbXVzdCBiZSBhIGFkZHJlc3MKCWFzc2VydAoKCS8vIGV4ZWN1dGUgdG90YWxBcHBzQ3JlYXRlZChhZGRyZXNzKXZvaWQKCWNhbGxzdWIgdG90YWxBcHBzQ3JlYXRlZAoJaW50YyAwIC8vIDEKCXJldHVybgoKLy8gdG90YWxBcHBzQ3JlYXRlZChhOiBBZGRyZXNzKTogdm9pZAp0b3RhbEFwcHNDcmVhdGVkOgoJcHJvdG8gMSAwCgoJLy8gdGVzdHMvY29udHJhY3RzL2FjY291bnQuYWxnby50czo0NgoJLy8gYXNzZXJ0KGEudG90YWxBcHBzQ3JlYXRlZCkKCWZyYW1lX2RpZyAtMSAvLyBhOiBBZGRyZXNzCglhY2N0X3BhcmFtc19nZXQgQWNjdFRvdGFsQXBwc0NyZWF0ZWQKCXBvcAoJYXNzZXJ0CglyZXRzdWIKCi8vIHRvdGFsQXBwc09wdGVkSW4oYWRkcmVzcyl2b2lkCiphYmlfcm91dGVfdG90YWxBcHBzT3B0ZWRJbjoKCS8vIGE6IGFkZHJlc3MKCXR4bmEgQXBwbGljYXRpb25BcmdzIDEKCWR1cAoJbGVuCglpbnRjIDEgLy8gMzIKCT09CgoJLy8gYXJndW1lbnQgMCAoYSkgZm9yIHRvdGFsQXBwc09wdGVkSW4gbXVzdCBiZSBhIGFkZHJlc3MKCWFzc2VydAoKCS8vIGV4ZWN1dGUgdG90YWxBcHBzT3B0ZWRJbihhZGRyZXNzKXZvaWQKCWNhbGxzdWIgdG90YWxBcHBzT3B0ZWRJbgoJaW50YyAwIC8vIDEKCXJldHVybgoKLy8gdG90YWxBcHBzT3B0ZWRJbihhOiBBZGRyZXNzKTogdm9pZAp0b3RhbEFwcHNPcHRlZEluOgoJcHJvdG8gMSAwCgoJLy8gdGVzdHMvY29udHJhY3RzL2FjY291bnQuYWxnby50czo1MAoJLy8gYXNzZXJ0KGEudG90YWxBcHBzT3B0ZWRJbikKCWZyYW1lX2RpZyAtMSAvLyBhOiBBZGRyZXNzCglhY2N0X3BhcmFtc19nZXQgQWNjdFRvdGFsQXBwc09wdGVkSW4KCXBvcAoJYXNzZXJ0CglyZXRzdWIKCi8vIHRvdGFsQXNzZXRzQ3JlYXRlZChhZGRyZXNzKXZvaWQKKmFiaV9yb3V0ZV90b3RhbEFzc2V0c0NyZWF0ZWQ6CgkvLyBhOiBhZGRyZXNzCgl0eG5hIEFwcGxpY2F0aW9uQXJncyAxCglkdXAKCWxlbgoJaW50YyAxIC8vIDMyCgk9PQoKCS8vIGFyZ3VtZW50IDAgKGEpIGZvciB0b3RhbEFzc2V0c0NyZWF0ZWQgbXVzdCBiZSBhIGFkZHJlc3MKCWFzc2VydAoKCS8vIGV4ZWN1dGUgdG90YWxBc3NldHNDcmVhdGVkKGFkZHJlc3Mpdm9pZAoJY2FsbHN1YiB0b3RhbEFzc2V0c0NyZWF0ZWQKCWludGMgMCAvLyAxCglyZXR1cm4KCi8vIHRvdGFsQXNzZXRzQ3JlYXRlZChhOiBBZGRyZXNzKTogdm9pZAp0b3RhbEFzc2V0c0NyZWF0ZWQ6Cglwcm90byAxIDAKCgkvLyB0ZXN0cy9jb250cmFjdHMvYWNjb3VudC5hbGdvLnRzOjU0CgkvLyBhc3NlcnQoYS50b3RhbEFzc2V0c0NyZWF0ZWQpCglmcmFtZV9kaWcgLTEgLy8gYTogQWRkcmVzcwoJYWNjdF9wYXJhbXNfZ2V0IEFjY3RUb3RhbEFzc2V0c0NyZWF0ZWQKCXBvcAoJYXNzZXJ0CglyZXRzdWIKCi8vIHRvdGFsQXNzZXRzKGFkZHJlc3Mpdm9pZAoqYWJpX3JvdXRlX3RvdGFsQXNzZXRzOgoJLy8gYTogYWRkcmVzcwoJdHhuYSBBcHBsaWNhdGlvbkFyZ3MgMQoJZHVwCglsZW4KCWludGMgMSAvLyAzMgoJPT0KCgkvLyBhcmd1bWVudCAwIChhKSBmb3IgdG90YWxBc3NldHMgbXVzdCBiZSBhIGFkZHJlc3MKCWFzc2VydAoKCS8vIGV4ZWN1dGUgdG90YWxBc3NldHMoYWRkcmVzcyl2b2lkCgljYWxsc3ViIHRvdGFsQXNzZXRzCglpbnRjIDAgLy8gMQoJcmV0dXJuCgovLyB0b3RhbEFzc2V0cyhhOiBBZGRyZXNzKTogdm9pZAp0b3RhbEFzc2V0czoKCXByb3RvIDEgMAoKCS8vIHRlc3RzL2NvbnRyYWN0cy9hY2NvdW50LmFsZ28udHM6NTgKCS8vIGFzc2VydChhLnRvdGFsQXNzZXRzKQoJZnJhbWVfZGlnIC0xIC8vIGE6IEFkZHJlc3MKCWFjY3RfcGFyYW1zX2dldCBBY2N0VG90YWxBc3NldHMKCXBvcAoJYXNzZXJ0CglyZXRzdWIKCi8vIHRvdGFsQm94ZXMoYWRkcmVzcyl2b2lkCiphYmlfcm91dGVfdG90YWxCb3hlczoKCS8vIGE6IGFkZHJlc3MKCXR4bmEgQXBwbGljYXRpb25BcmdzIDEKCWR1cAoJbGVuCglpbnRjIDEgLy8gMzIKCT09CgoJLy8gYXJndW1lbnQgMCAoYSkgZm9yIHRvdGFsQm94ZXMgbXVzdCBiZSBhIGFkZHJlc3MKCWFzc2VydAoKCS8vIGV4ZWN1dGUgdG90YWxCb3hlcyhhZGRyZXNzKXZvaWQKCWNhbGxzdWIgdG90YWxCb3hlcwoJaW50YyAwIC8vIDEKCXJldHVybgoKLy8gdG90YWxCb3hlcyhhOiBBZGRyZXNzKTogdm9pZAp0b3RhbEJveGVzOgoJcHJvdG8gMSAwCgoJLy8gdGVzdHMvY29udHJhY3RzL2FjY291bnQuYWxnby50czo2MgoJLy8gYXNzZXJ0KGEudG90YWxCb3hlcykKCWZyYW1lX2RpZyAtMSAvLyBhOiBBZGRyZXNzCglhY2N0X3BhcmFtc19nZXQgQWNjdFRvdGFsQm94ZXMKCXBvcAoJYXNzZXJ0CglyZXRzdWIKCi8vIHRvdGFsQm94Qnl0ZXMoYWRkcmVzcyl2b2lkCiphYmlfcm91dGVfdG90YWxCb3hCeXRlczoKCS8vIGE6IGFkZHJlc3MKCXR4bmEgQXBwbGljYXRpb25BcmdzIDEKCWR1cAoJbGVuCglpbnRjIDEgLy8gMzIKCT09CgoJLy8gYXJndW1lbnQgMCAoYSkgZm9yIHRvdGFsQm94Qnl0ZXMgbXVzdCBiZSBhIGFkZHJlc3MKCWFzc2VydAoKCS8vIGV4ZWN1dGUgdG90YWxCb3hCeXRlcyhhZGRyZXNzKXZvaWQKCWNhbGxzdWIgdG90YWxCb3hCeXRlcwoJaW50YyAwIC8vIDEKCXJldHVybgoKLy8gdG90YWxCb3hCeXRlcyhhOiBBZGRyZXNzKTogdm9pZAp0b3RhbEJveEJ5dGVzOgoJcHJvdG8gMSAwCgoJLy8gdGVzdHMvY29udHJhY3RzL2FjY291bnQuYWxnby50czo2NgoJLy8gYXNzZXJ0KGEudG90YWxCb3hCeXRlcykKCWZyYW1lX2RpZyAtMSAvLyBhOiBBZGRyZXNzCglhY2N0X3BhcmFtc19nZXQgQWNjdFRvdGFsQm94Qnl0ZXMKCXBvcAoJYXNzZXJ0CglyZXRzdWIKCiphYmlfcm91dGVfY3JlYXRlQXBwbGljYXRpb246CglpbnRjIDAgLy8gMQoJcmV0dXJuCgoqY3JlYXRlX05vT3A6CglwdXNoYnl0ZXMgMHhiODQ0N2IzNiAvLyBtZXRob2QgImNyZWF0ZUFwcGxpY2F0aW9uKCl2b2lkIgoJdHhuYSBBcHBsaWNhdGlvbkFyZ3MgMAoJbWF0Y2ggKmFiaV9yb3V0ZV9jcmVhdGVBcHBsaWNhdGlvbgoKCS8vIHRoaXMgY29udHJhY3QgZG9lcyBub3QgaW1wbGVtZW50IHRoZSBnaXZlbiBBQkkgbWV0aG9kIGZvciBjcmVhdGUgTm9PcAoJZXJyCgoqY2FsbF9Ob09wOgoJcHVzaGJ5dGVzIDB4YWEzOGFlOTEgLy8gbWV0aG9kICJoYXNBc3NldChhZGRyZXNzKXZvaWQiCglwdXNoYnl0ZXMgMHg2NGNiMDY2MSAvLyBtZXRob2QgImFzc2V0QmFsYW5jZShhZGRyZXNzKXZvaWQiCglwdXNoYnl0ZXMgMHg2OGQxOGRkYiAvLyBtZXRob2QgImFzc2V0RnJvemVuKGFkZHJlc3Mpdm9pZCIKCXB1c2hieXRlcyAweDJhYmYxZWRlIC8vIG1ldGhvZCAiaGFzQmFsYW5jZShhZGRyZXNzKXZvaWQiCglwdXNoYnl0ZXMgMHg4OTllNDc5ZCAvLyBtZXRob2QgImJhbGFuY2UoYWRkcmVzcyl2b2lkIgoJcHVzaGJ5dGVzIDB4MjU4YTBmY2EgLy8gbWV0aG9kICJtaW5CYWxhbmNlKGFkZHJlc3Mpdm9pZCIKCXB1c2hieXRlcyAweGJlY2MyMTgzIC8vIG1ldGhvZCAiYXV0aEFkZHIoYWRkcmVzcyl2b2lkIgoJcHVzaGJ5dGVzIDB4ZmI4MWUxMDkgLy8gbWV0aG9kICJ0b3RhbE51bVVpbnQoYWRkcmVzcyl2b2lkIgoJcHVzaGJ5dGVzIDB4NDRkMjE1ZTEgLy8gbWV0aG9kICJ0b3RhbE51bUJ5dGVTbGljZShhZGRyZXNzKXZvaWQiCglwdXNoYnl0ZXMgMHg0YjNiZmVmMyAvLyBtZXRob2QgInRvdGFsRXh0cmFBcHBQYWdlcyhhZGRyZXNzKXZvaWQiCglwdXNoYnl0ZXMgMHgwOTFhZDJhYSAvLyBtZXRob2QgInRvdGFsQXBwc0NyZWF0ZWQoYWRkcmVzcyl2b2lkIgoJcHVzaGJ5dGVzIDB4YjliZjNmOTUgLy8gbWV0aG9kICJ0b3RhbEFwcHNPcHRlZEluKGFkZHJlc3Mpdm9pZCIKCXB1c2hieXRlcyAweDRmOGQyZDJjIC8vIG1ldGhvZCAidG90YWxBc3NldHNDcmVhdGVkKGFkZHJlc3Mpdm9pZCIKCXB1c2hieXRlcyAweDEzZDRhMzdkIC8vIG1ldGhvZCAidG90YWxBc3NldHMoYWRkcmVzcyl2b2lkIgoJcHVzaGJ5dGVzIDB4ZmM4NzIzZGEgLy8gbWV0aG9kICJ0b3RhbEJveGVzKGFkZHJlc3Mpdm9pZCIKCXB1c2hieXRlcyAweGM0Y2M1ZTk1IC8vIG1ldGhvZCAidG90YWxCb3hCeXRlcyhhZGRyZXNzKXZvaWQiCgl0eG5hIEFwcGxpY2F0aW9uQXJncyAwCgltYXRjaCAqYWJpX3JvdXRlX2hhc0Fzc2V0ICphYmlfcm91dGVfYXNzZXRCYWxhbmNlICphYmlfcm91dGVfYXNzZXRGcm96ZW4gKmFiaV9yb3V0ZV9oYXNCYWxhbmNlICphYmlfcm91dGVfYmFsYW5jZSAqYWJpX3JvdXRlX21pbkJhbGFuY2UgKmFiaV9yb3V0ZV9hdXRoQWRkciAqYWJpX3JvdXRlX3RvdGFsTnVtVWludCAqYWJpX3JvdXRlX3RvdGFsTnVtQnl0ZVNsaWNlICphYmlfcm91dGVfdG90YWxFeHRyYUFwcFBhZ2VzICphYmlfcm91dGVfdG90YWxBcHBzQ3JlYXRlZCAqYWJpX3JvdXRlX3RvdGFsQXBwc09wdGVkSW4gKmFiaV9yb3V0ZV90b3RhbEFzc2V0c0NyZWF0ZWQgKmFiaV9yb3V0ZV90b3RhbEFzc2V0cyAqYWJpX3JvdXRlX3RvdGFsQm94ZXMgKmFiaV9yb3V0ZV90b3RhbEJveEJ5dGVzCgoJLy8gdGhpcyBjb250cmFjdCBkb2VzIG5vdCBpbXBsZW1lbnQgdGhlIGdpdmVuIEFCSSBtZXRob2QgZm9yIGNhbGwgTm9PcAoJZXJy",
    "clear": "I3ByYWdtYSB2ZXJzaW9uIDEw",
  },
  "state": {
    "global": {
      "num_byte_slices": 0,
      "num_uints": 0,
    },
    "local": {
      "num_byte_slices": 0,
      "num_uints": 0,
    },
  },
}
`;
