// Bun Snapshot v1, https://goo.gl/fbAQLP

exports[`bytecblock BytecblockTest Artifacts Maintains program size 1`] = `1915`;

exports[`intcblock IntcblockTest Artifacts Maintains program size 1`] = `984`;
