// Bun Snapshot v1, https://goo.gl/fbAQLP

exports[`General GeneralTest Artifacts Maintains program size 1`] = `4461`;
