// Bun Snapshot v1, https://goo.gl/fbAQLP

exports[`If IfTest Artifacts Maintains program size 1`] = `1024`;
