// Bun Snapshot v1, https://goo.gl/fbAQLP

exports[`Inner Transactions ItxnsTest Artifacts Maintains program size 1`] = `646`;
