// Bun Snapshot v1, https://goo.gl/fbAQLP

exports[`Math MathTest Artifacts Maintains program size 1`] = `2411`;
