// Bun Snapshot v1, https://goo.gl/fbAQLP

exports[`Storage StorageTest Artifacts Maintains program size 1`] = `1220`;
